../Core/Src/main.c:110:6:base_test_run	216	static
../Core/Src/main.c:222:6:base_test_read_adc	24	static
../Core/Src/main.c:278:6:UART1_transmit_mode	8	static
../Core/Src/main.c:284:6:UART1_receive_mode	8	static
../Core/Src/main.c:289:6:UART2_transmit_mode	8	static
../Core/Src/main.c:296:6:UART2_receive_mode	8	static
../Core/Src/main.c:301:6:UART3_transmit_mode	8	static
../Core/Src/main.c:307:6:UART3_receive_mode	8	static
../Core/Src/main.c:313:6:HAL_ADC_ConvCpltCallback	16	static
../Core/Src/main.c:318:6:HAL_UART_RxCpltCallback	16	static
../Core/Src/main.c:369:5:main	8	static
../Core/Src/main.c:426:6:SystemClock_Config	80	static
../Core/Src/main.c:470:13:MX_ADC1_Init	24	static
../Core/Src/main.c:517:13:MX_I2C1_Init	8	static
../Core/Src/main.c:551:13:MX_USART1_UART_Init	8	static
../Core/Src/main.c:584:13:MX_USART2_UART_Init	8	static
../Core/Src/main.c:617:13:MX_USART3_UART_Init	8	static
../Core/Src/main.c:650:13:MX_GPIO_Init	40	static
../Core/Src/main.c:707:6:Error_Handler	4	static,ignoring_inline_asm
